     1                                 %line 1+1 input.asm
     2                                 
     3                                 
     4                                 
     5                                 
     6                                 
     7                                 
     8                                 
     9                                 
    10                                 
    11                                 
    12                                 
    13                                 
    14                                 
    15                                 
    16                                 
    17                                 
    18                                 
    19                                 
    20                                 
    21                                 
    22                                 
    23                                 
    24                                 [section .bss]
    25 00000000 <gap>                  buffer resb 1
    26 00000001 <gap>                  num resb 1
    27 00000002 <gap>                  ascii resb 10
    28                                 
    29                                 [section .data]
    30                                 LF equ 10
    31                                 NULL equ 0
    32                                 SYS_exit equ 60
    33                                 EXIT_SUCCESS equ 0
    34 00000000 496E7075742061206E-    msg1 db "Input a number (1~9): "
    35 00000000 756D6265722028317E-
    36 00000000 39293A20           
    37 00000016 206973204D756C7469-    msg2 db " is Multiple of 3.", 10
    38 00000016 706C65206F6620332E-
    39 00000016 0A                 
    40                                 
    41                                 [section .text]
    42                                 [global _start]
    43                                 _start:
    44 00000000 49C7C200000000          mov r10, 0
    45                                 doloop1:
    46                                 
    47 00000007 48C7C001000000          mov rax, 1
    48 0000000E 48C7C701000000          mov rdi, 1
    49 00000015 48C7C6[00000000]        mov rsi, msg1
    50 0000001C 48C7C216000000          mov rdx, 22
    51 00000023 0F05                    syscall
    52                                 
    53                                 
    54                                 read_input:
    55 00000025 48C7C000000000          mov rax, 0
    56 0000002C 48C7C700000000          mov rdi, 0
    57 00000033 48C7C6[00000000]        mov rsi, buffer
    58 0000003A 48C7C201000000          mov rdx, 1
    59 00000041 0F05                    syscall
    60 00000043 803C25[00000000]0A      cmp byte [buffer], LF
    61 0000004B 74D6                    je read_input
    62                                 
    63 0000004D 8A0425[00000000]        mov al, [buffer]
    64 00000054 418882[00000000]        mov [ascii+r10], al
    65                                 
    66 0000005B 49FFC2                  inc r10
    67 0000005E 4983FA09                cmp r10, 9
    68 00000062 72A1                    jb doloop1
    69                                 
    70 00000064 49C7C200000000          mov r10, 0
    71                                 
    72                                 doloop2:
    73                                 
    74 0000006B 418A82[00000000]        mov al, [ascii+r10]
    75 00000072 880425[00000000]        mov [num], al
    76                                 
    77                                 
    78 00000079 8A0425[00000000]        mov al, [num]
    79 00000080 B303                    mov bl, 3
    80 00000082 30E4                    xor ah, ah
    81 00000084 F6F3                    div bl
    82 00000086 80FC00                  cmp ah, 0
    83 00000089 753A                    jne end_of_loop
    84                                 
    85                                 
    86 0000008B 48C7C001000000          mov rax, 1
    87 00000092 48C7C701000000          mov rdi, 1
    88 00000099 498DB2[00000000]        lea rsi, [ascii+r10]
    89 000000A0 48C7C201000000          mov rdx, 1
    90 000000A7 0F05                    syscall
    91                                 
    92                                 
    93 000000A9 48C7C001000000          mov rax, 1
    94 000000B0 48C7C701000000          mov rdi, 1
    95 000000B7 48C7C6[00000000]        mov rsi, msg2
    96 000000BE 48C7C213000000          mov rdx, 19
    97 000000C5 0F05                    syscall
    98                                 
    99                                 end_of_loop:
   100 000000C7 49FFC2                  inc r10
   101 000000CA 4983FA09                cmp r10, 9
   102 000000CE 7299                    jb doloop2
   103                                 
   104                                 done:
   105 000000D0 48C7C03C000000          mov rax, SYS_exit
   106 000000D7 48C7C700000000          mov rdi, EXIT_SUCCESS
   107 000000DE 0F05                    syscall
